Microchip MPLAB XC8 Compiler V2.20

Linker command line:

-W-3 --edf=C:\Program Files\Microchip\xc8\v2.20\pic\dat\en_msgs.txt -cn \
  -h+dist/default/production\MPU6050MK1v5.0.X.production.sym \
  --cmf=dist/default/production\MPU6050MK1v5.0.X.production.cmf -z \
  -Q18F46K20 -oC:\Users\Torben\AppData\Local\Temp\sov4.2 \
  --defsym=__MPLAB_BUILD=1 \
  -Mdist/default/production/MPU6050MK1v5.0.X.production.map -E1 \
  -ver=XC8 Compiler --acfsm=1493 -ASTACK=0EEh-0F5Fh -pstack=STACK \
  -ACODE=00h-0FFFFh -ACONST=00h-0FFFFh -ASMALLCONST=01000h-010FFhx240 \
  -AMEDIUMCONST=01000h-0FFFFh -ACOMRAM=01h-05Fh -AABS1=00h-0F5Fh \
  -ABIGRAM=01h-0F5Fh -ARAM=060h-0FFh,0100h-01FFhx14,0F00h-0F5Fh \
  -ABANK0=060h-0FFh -ABANK1=0100h-01FFh -ABANK2=0200h-02FFh \
  -ABANK3=0300h-03FFh -ABANK4=0400h-04FFh -ABANK5=0500h-05FFh \
  -ABANK6=0600h-06FFh -ABANK7=0700h-07FFh -ABANK8=0800h-08FFh \
  -ABANK9=0900h-09FFh -ABANK10=0A00h-0AFFh -ABANK11=0B00h-0BFFh \
  -ABANK12=0C00h-0CFFh -ABANK13=0D00h-0DFFh -ABANK14=0E00h-0EFFh \
  -ABANK15=0F00h-0F5Fh -ASFR=0F60h-0FFFh -ACONFIG=0300000h-030000Dh \
  -AIDLOC=0200000h-0200007h \
  -preset_vec=00h,intcode=08h,intcodelo,powerup,init -pramtop=01000h \
  -psmallconst=SMALLCONST -pmediumconst=MEDIUMCONST -pconst=CONST \
  -AFARRAM=00h-00h -AEEDATA=0F00000h-0F003FFh -peeprom_data=EEDATA \
  -prdata=COMRAM,nvrram=COMRAM,nvbit=COMRAM,rbss=COMRAM,rbit=COMRAM \
  -pfarbss=FARRAM,fardata=FARRAM,nvFARRAM=FARRAM \
  -pintsave_regs=BIGRAM,bigbss=BIGRAM,bigdata=BIGRAM -pbss=RAM \
  -pidata=CODE,irdata=CODE,ibigdata=CODE,ifardata=CODE -prparam=COMRAM \
  C:\Users\Torben\AppData\Local\Temp\sov4.o \
  dist/default/production\MPU6050MK1v5.0.X.production.o 

Object code version is 3.11

Machine type is 18F46K20



                Name                               Link     Load   Length Selector   Space Scale
C:\Users\Torben\AppData\Local\Temp\sov4.o
                idloc                            200000   200000        8        0       5
                config                           300000   300000        E        0       4
                init                                 B0       B0        4        4       0
                reset_vec                             0        0        4        0       0
dist/default/production\MPU6050MK1v5.0.X.production.o
                intcode                               8        8       A8        4       0
                idloc                            200000   200000        8        0       5
                config                           300000   300000        E        0       4
                temp                                 5B       5B        1        1       1
                smallconst                         1000     1000       3E      800       0
                text81                             240E     240E       2A      81F       0
                text80                             2646     2646        6      81F       0
                text79                             267C     267C        2      81F       0
                text78                             2640     2640        6      81F       0
                text77                             1B0A     1B0A       BC      81F       0
                text76                             220A     220A       42      81F       0
                text74                             2678     2678        4      81F       0
                text73                             2674     2674        4      81F       0
                text72                             2670     2670        4      81F       0
                text71                             23E2     23E2       2C      81F       0
                text70                             266C     266C        4      81F       0
                text69                             2668     2668        4      81F       0
                text68                             2664     2664        4      81F       0
                text67                             2460     2460       24      81F       0
                text66                             1E92     1E92       7A      81F       0
                text65                             24FC     24FC       18      81F       0
                text64                             23B6     23B6       2C      81F       0
                text63                             238A     238A       2C      81F       0
                text62                             235E     235E       2C      81F       0
                text61                             2332     2332       2C      81F       0
                text60                             228C     228C       40      81F       0
                text59                             2660     2660        4      81F       0
                text58                             265C     265C        4      81F       0
                text57                             2658     2658        4      81F       0
                text56                             263A     263A        6      81F       0
                text55                             2654     2654        4      81F       0
                text54                             2634     2634        6      81F       0
                text53                             262C     262C        8      81F       0
                text52                             253E     253E       14      81F       0
                text51                             2650     2650        4      81F       0
                text50                             1E16     1E16       7C      81F       0
                text49                             259A     259A        C      81F       0
                text48                             2572     2572       10      81F       0
                text47                             2562     2562       10      81F       0
                text46                             1A46     1A46       C4      81F       0
                text45                             1BC6     1BC6       A6      81F       0
                text44                             258E     258E        C      81F       0
                text43                             2624     2624        8      81F       0
                text42                             261C     261C        8      81F       0
                text41                             2614     2614        8      81F       0
                text40                             260C     260C        8      81F       0
                text39                             2604     2604        8      81F       0
                text38                             25FC     25FC        8      81F       0
                text37                             25F4     25F4        8      81F       0
                text36                             2582     2582        C      81F       0
                text35                             2060     2060       66      81F       0
                text34                             1F82     1F82       70      81F       0
                text33                             2552     2552       10      81F       0
                text32                             24C6     24C6       1E      81F       0
                text31                             21C6     21C6       44      81F       0
                text30                             25EC     25EC        8      81F       0
                text29                             2484     2484       22      81F       0
                text28                             1D02     1D02       8E      81F       0
                text27                             24E4     24E4       18      81F       0
                text26                             1D90     1D90       86      81F       0
                text25                             1FF2     1FF2       6E      81F       0
                text24                             25E2     25E2        A      81F       0
                text23                             25D8     25D8        A      81F       0
                text22                             25CE     25CE        A      81F       0
                text21                             25C4     25C4        A      81F       0
                text20                             25BA     25BA        A      81F       0
                text19                             1F0C     1F0C       76      81F       0
                text18                             252A     252A       14      81F       0
                text17                             264C     264C        4      81F       0
                text16                             25B0     25B0        A      81F       0
                text15                             2302     2302       30      81F       0
                text14                             2514     2514       16      81F       0
                text13                             1694     1694      188      81F       0
                text12                             181C     181C      164      81F       0
                text11                             224C     224C       40      81F       0
                text10                             212A     212A       58      81F       0
                text9                              25A6     25A6        A      81F       0
                text8                              1C6C     1C6C       96      81F       0
                text7                              2182     2182       44      81F       0
                text6                              22CC     22CC       36      81F       0
                text5                              1980     1980       C6      81F       0
                text4                              103E     103E      2E2      81F       0
                text3                              1320     1320      1BE      81F       0
                text2                              20C6     20C6       64      81F       0
                text1                              2438     2438       28      81F       0
                text0                              14DE     14DE      1B6      81F       0
                cstackCOMRAM                          1        1       55        1       1
                cstackBANK0                          C5       C5       1E       60       1
                bssBANK0                             60       60       65       60       1
                bssCOMRAM                            56       56        5        1       1
                cinit                              24A6     24A6       20      81F       0
                nvBANK0                              E3       E3        B       60       1

TOTAL           Name                               Link     Load   Length     Space
        CLASS   STACK          

        CLASS   CODE           
                intcode                               8        8       A8         0
                init                                 B0       B0        4         0
                reset_vec                             0        0        4         0
                text81                             240E     240E       2A         0
                text80                             2646     2646        6         0
                text79                             267C     267C        2         0
                text78                             2640     2640        6         0
                text77                             1B0A     1B0A       BC         0
                text76                             220A     220A       42         0
                text74                             2678     2678        4         0
                text73                             2674     2674        4         0
                text72                             2670     2670        4         0
                text71                             23E2     23E2       2C         0
                text70                             266C     266C        4         0
                text69                             2668     2668        4         0
                text68                             2664     2664        4         0
                text67                             2460     2460       24         0
                text66                             1E92     1E92       7A         0
                text65                             24FC     24FC       18         0
                text64                             23B6     23B6       2C         0
                text63                             238A     238A       2C         0
                text62                             235E     235E       2C         0
                text61                             2332     2332       2C         0
                text60                             228C     228C       40         0
                text59                             2660     2660        4         0
                text58                             265C     265C        4         0
                text57                             2658     2658        4         0
                text56                             263A     263A        6         0
                text55                             2654     2654        4         0
                text54                             2634     2634        6         0
                text53                             262C     262C        8         0
                text52                             253E     253E       14         0
                text51                             2650     2650        4         0
                text50                             1E16     1E16       7C         0
                text49                             259A     259A        C         0
                text48                             2572     2572       10         0
                text47                             2562     2562       10         0
                text46                             1A46     1A46       C4         0
                text45                             1BC6     1BC6       A6         0
                text44                             258E     258E        C         0
                text43                             2624     2624        8         0
                text42                             261C     261C        8         0
                text41                             2614     2614        8         0
                text40                             260C     260C        8         0
                text39                             2604     2604        8         0
                text38                             25FC     25FC        8         0
                text37                             25F4     25F4        8         0
                text36                             2582     2582        C         0
                text35                             2060     2060       66         0
                text34                             1F82     1F82       70         0
                text33                             2552     2552       10         0
                text32                             24C6     24C6       1E         0
                text31                             21C6     21C6       44         0
                text30                             25EC     25EC        8         0
                text29                             2484     2484       22         0
                text28                             1D02     1D02       8E         0
                text27                             24E4     24E4       18         0
                text26                             1D90     1D90       86         0
                text25                             1FF2     1FF2       6E         0
                text24                             25E2     25E2        A         0
                text23                             25D8     25D8        A         0
                text22                             25CE     25CE        A         0
                text21                             25C4     25C4        A         0
                text20                             25BA     25BA        A         0
                text19                             1F0C     1F0C       76         0
                text18                             252A     252A       14         0
                text17                             264C     264C        4         0
                text16                             25B0     25B0        A         0
                text15                             2302     2302       30         0
                text14                             2514     2514       16         0
                text13                             1694     1694      188         0
                text12                             181C     181C      164         0
                text11                             224C     224C       40         0
                text10                             212A     212A       58         0
                text9                              25A6     25A6        A         0
                text8                              1C6C     1C6C       96         0
                text7                              2182     2182       44         0
                text6                              22CC     22CC       36         0
                text5                              1980     1980       C6         0
                text4                              103E     103E      2E2         0
                text3                              1320     1320      1BE         0
                text2                              20C6     20C6       64         0
                text1                              2438     2438       28         0
                text0                              14DE     14DE      1B6         0
                cinit                              24A6     24A6       20         0

        CLASS   CONST          

        CLASS   SMALLCONST     
                smallconst                         1000     1000       3E         0

        CLASS   MEDIUMCONST    

        CLASS   COMRAM         
                temp                                 5B       5B        1         1
                cstackCOMRAM                          1        1       55         1
                bssCOMRAM                            56       56        5         1

        CLASS   ABS1           

        CLASS   BIGRAM         

        CLASS   RAM            

        CLASS   BANK0          
                cstackBANK0                          C5       C5       1E         1
                bssBANK0                             60       60       65         1
                nvBANK0                              E3       E3        B         1

        CLASS   BANK1          

        CLASS   BANK2          

        CLASS   BANK3          

        CLASS   BANK4          

        CLASS   BANK5          

        CLASS   BANK6          

        CLASS   BANK7          

        CLASS   BANK8          

        CLASS   BANK9          

        CLASS   BANK10         

        CLASS   BANK11         

        CLASS   BANK12         

        CLASS   BANK13         

        CLASS   BANK14         

        CLASS   BANK15         

        CLASS   SFR            

        CLASS   CONFIG         
                config                           300000   300000        E         4

        CLASS   IDLOC          
                idloc                            200000   200000        8         5

        CLASS   FARRAM         

        CLASS   EEDATA         



SEGMENTS        Name                           Load    Length   Top    Selector   Space  Class

                reset_vec                      000000  000004  000004         0       0  CODE    
                cstackCOMRAM                   000001  00005B  00005C         1       1  COMRAM  
                intcode                        000008  0000AC  0000B4         4       0  CODE    
                bssBANK0                       000060  00008E  0000EE        60       1  BANK0   
                smallconst                     001000  00003E  00103E       800       0  SMALLCON
                text4                          00103E  001640  00267E       81F       0  CODE    


UNUSED ADDRESS RANGES

        Name                Unused          Largest block    Delta
        BANK0            0000EE-0000FF               12
        BANK1            000100-0001FF              100
        BANK10           000A00-000AFF              100
        BANK11           000B00-000BFF              100
        BANK12           000C00-000CFF              100
        BANK13           000D00-000DFF              100
        BANK14           000E00-000EFF              100
        BANK15           000F00-000F5F               60
        BANK2            000200-0002FF              100
        BANK3            000300-0003FF              100
        BANK4            000400-0004FF              100
        BANK5            000500-0005FF              100
        BANK6            000600-0006FF              100
        BANK7            000700-0007FF              100
        BANK8            000800-0008FF              100
        BANK9            000900-0009FF              100
        BIGRAM           00005C-00005F                4
                         0000EE-000F5F              E72
        CODE             000004-000007                4
                         0000B4-000FFF              F4C
                         00267E-00FFFF             D982
        COMRAM           00005C-00005F                4
        CONST            000004-000007                4
                         0000B4-000FFF              F4C
                         00267E-00FFFF             D982
        EEDATA           F00000-F003FF              400
        MEDIUMCONST      00267E-00FFFF             D982
        RAM              0000EE-000F5F              100
        SFR              000F60-000FFF               A0
        SMALLCONST       00267E-00FFFF              100
        STACK            0000EE-000F5F              E72

                                  Symbol Table

?_I2C_Read2ByteRegister                        cstackCOMRAM 000016
?___aodiv                                      cstackCOMRAM 000005
?___aomod                                      cstackCOMRAM 000005
?_abs                                          cstackCOMRAM 000017
?_dtoa                                         cstackCOMRAM 000022
?_pad                                          cstackCOMRAM 000017
?_printf                                       cstackBANK0  0000CD
?_strlen                                       cstackCOMRAM 000005
?_vfpfcnvrt                                    cstackCOMRAM 000046
?_vfprintf                                     cstackBANK0  0000C5
EUSART_SetErrorHandler@interruptHandler        cstackCOMRAM 000005
EUSART_SetFramingErrorHandler@interruptHandler cstackCOMRAM 000005
EUSART_SetOverrunErrorHandler@interruptHandler cstackCOMRAM 000005
EUSART_SetRxInterruptHandler@interruptHandler  cstackCOMRAM 000005
EUSART_SetTxInterruptHandler@interruptHandler  cstackCOMRAM 000005
EUSART_Write@txData                            cstackCOMRAM 000005
I2C_CallbackReturnReset@funPtr                 cstackCOMRAM 00000E
I2C_Close@returnValue                          cstackCOMRAM 000005
I2C_MasterOperation@read                       cstackCOMRAM 000014
I2C_MasterOperation@returnValue                cstackCOMRAM 000015
I2C_MasterSendTxData@data                      cstackCOMRAM 000005
I2C_Open@address                               cstackCOMRAM 000005
I2C_Open@returnValue                           cstackCOMRAM 000006
I2C_Read2ByteRegister@address                  cstackCOMRAM 00001B
I2C_Read2ByteRegister@reg                      cstackCOMRAM 000016
I2C_Read2ByteRegister@returnValue              cstackCOMRAM 00001C
I2C_SetAddressNackCallback@cb                  cstackCOMRAM 00000A
I2C_SetAddressNackCallback@ptr                 cstackCOMRAM 00000C
I2C_SetBuffer@buffer                           cstackCOMRAM 000005
I2C_SetBuffer@bufferSize                       cstackCOMRAM 000007
I2C_SetCallback@cb                             cstackCOMRAM 000005
I2C_SetCallback@idx                            cstackCOMRAM 000009
I2C_SetCallback@ptr                            cstackCOMRAM 000007
I2C_SetDataCompleteCallback@cb                 cstackCOMRAM 00000A
I2C_SetDataCompleteCallback@ptr                cstackCOMRAM 00000C
I2C_Write1ByteRegister@address                 cstackCOMRAM 000018
I2C_Write1ByteRegister@data                    cstackCOMRAM 000017
I2C_Write1ByteRegister@reg                     cstackCOMRAM 000016
_ANSEL                                         (abs)        000F7E
_ANSELH                                        (abs)        000F7F
_BAUDCON                                       (abs)        000FB8
_EUSART_DefaultErrorHandler                    text80       002646
_EUSART_DefaultFramingErrorHandler             text79       00267C
_EUSART_DefaultOverrunErrorHandler             text78       002640
_EUSART_ErrorHandler                           nvBANK0      0000E3
_EUSART_FramingErrorHandler                    nvBANK0      0000E7
_EUSART_Initialize                             text19       001F0C
_EUSART_OverrunErrorHandler                    nvBANK0      0000E5
_EUSART_Receive_ISR                            text77       001B0A
_EUSART_RxDataHandler                          text81       00240E
_EUSART_RxDefaultInterruptHandler              nvBANK0      0000E9
_EUSART_SetErrorHandler                        text24       0025E2
_EUSART_SetFramingErrorHandler                 text23       0025D8
_EUSART_SetOverrunErrorHandler                 text22       0025CE
_EUSART_SetRxInterruptHandler                  text21       0025C4
_EUSART_SetTxInterruptHandler                  text20       0025BA
_EUSART_Transmit_ISR                           text76       00220A
_EUSART_TxDefaultInterruptHandler              nvBANK0      0000EB
_EUSART_Write                                  text10       00212A
_I2C_CallbackReturnReset                       text58       00265C
_I2C_CallbackReturnStop                        text59       002660
_I2C_Close                                     text71       0023E2
_I2C_DO_ADDRESS_NACK                           text35       002060
_I2C_DO_IDLE                                   text49       00259A
_I2C_DO_RCEN                                   text44       00258E
_I2C_DO_RESET                                  text36       002582
_I2C_DO_RX                                     text45       001BC6
_I2C_DO_RX_ACK                                 text39       002604
_I2C_DO_RX_NACK_RESTART                        text37       0025F4
_I2C_DO_RX_NACK_STOP                           text38       0025FC
_I2C_DO_SEND_ADR_READ                          text48       002572
_I2C_DO_SEND_ADR_WRITE                         text47       002562
_I2C_DO_SEND_RESTART                           text41       002614
_I2C_DO_SEND_RESTART_READ                      text43       002624
_I2C_DO_SEND_RESTART_WRITE                     text42       00261C
_I2C_DO_SEND_STOP                              text40       00260C
_I2C_DO_TX                                     text46       001A46
_I2C_DO_TX_EMPTY                               text50       001E16
_I2C_Initialize                                text18       00252A
_I2C_MasterClearIrq                            text74       002678
_I2C_MasterClose                               text73       002674
_I2C_MasterDisableIrq                          text72       002670
_I2C_MasterEnableRestart                       text69       002668
_I2C_MasterFsm                                 text34       001F82
_I2C_MasterGetRxData                           text55       002654
_I2C_MasterIsNack                              text52       00253E
_I2C_MasterOpen                                text29       002484
_I2C_MasterOperation                           text31       0021C6
_I2C_MasterSendAck                             text54       002634
_I2C_MasterSendNack                            text56       00263A
_I2C_MasterSendTxData                          text53       00262C
_I2C_MasterSetIrq                              text51       002650
_I2C_MasterStart                               text70       00266C
_I2C_MasterStartRx                             text57       002658
_I2C_MasterStop                                text68       002664
_I2C_MasterWaitForEvent                        text33       002552
_I2C_MasterWrite                               text30       0025EC
_I2C_Open                                      text28       001D02
_I2C_Poller                                    text32       0024C6
_I2C_Read2ByteRegister                         text26       001D90
_I2C_SetAddressNackCallback                    text27       0024E4
_I2C_SetBuffer                                 text67       002460
_I2C_SetCallback                               text66       001E92
_I2C_SetDataCompleteCallback                   text65       0024FC
_I2C_Status                                    bssBANK0     000060
_I2C_Write1ByteRegister                        text25       001FF2
_INTCON2bits                                   (abs)        000FF1
_INTCONbits                                    (abs)        000FF2
_INTERRUPT_Initialize                          text17       00264C
_INTERRUPT_InterruptManager                    intcode      000008
_LATA                                          (abs)        000F89
_LATB                                          (abs)        000F8A
_LATC                                          (abs)        000F8B
_LATD                                          (abs)        000F8C
_LATE                                          (abs)        000F8D
_OSCCON                                        (abs)        000FD3
_OSCILLATOR_Initialize                         text16       0025B0
_OSCTUNE                                       (abs)        000F9B
_PIE1bits                                      (abs)        000F9D
_PIN_MANAGER_Initialize                        text15       002302
_PIR1bits                                      (abs)        000F9E
_PIR2bits                                      (abs)        000FA1
_RCONbits                                      (abs)        000FD0
_RCREG                                         (abs)        000FAE
_RCSTA                                         (abs)        000FAB
_RCSTAbits                                     (abs)        000FAB
_SPBRG                                         (abs)        000FAF
_SPBRGH                                        (abs)        000FB0
_SSPADD                                        (abs)        000FC8
_SSPBUF                                        (abs)        000FC9
_SSPCON1                                       (abs)        000FC6
_SSPCON1bits                                   (abs)        000FC6
_SSPCON2                                       (abs)        000FC5
_SSPCON2bits                                   (abs)        000FC5
_SSPSTAT                                       (abs)        000FC7
_SSPSTATbits                                   (abs)        000FC7
_SYSTEM_Initialize                             text14       002514
_TRISA                                         (abs)        000F92
_TRISB                                         (abs)        000F93
_TRISC                                         (abs)        000F94
_TRISD                                         (abs)        000F95
_TRISE                                         (abs)        000F96
_TXREG                                         (abs)        000FAD
_TXSTA                                         (abs)        000FAC
_TXSTAbits                                     (abs)        000FAC
_WPUB                                          (abs)        000F7C
__HRAM                                         (abs)        000000
__Habs1                                        abs1         000000
__Hbank0                                       bank0        000000
__Hbank1                                       bank1        000000
__Hbank10                                      bank10       000000
__Hbank11                                      bank11       000000
__Hbank12                                      bank12       000000
__Hbank13                                      bank13       000000
__Hbank14                                      bank14       000000
__Hbank15                                      bank15       000000
__Hbank2                                       bank2        000000
__Hbank3                                       bank3        000000
__Hbank4                                       bank4        000000
__Hbank5                                       bank5        000000
__Hbank6                                       bank6        000000
__Hbank7                                       bank7        000000
__Hbank8                                       bank8        000000
__Hbank9                                       bank9        000000
__Hbigbss                                      bigbss       000000
__Hbigdata                                     bigdata      000000
__Hbigram                                      bigram       000000
__Hbss                                         bss          000000
__HbssBANK0                                    bssBANK0     000000
__HbssCOMRAM                                   bssCOMRAM    000000
__Hcinit                                       cinit        000000
__Hclrtext                                     clrtext      000000
__Hcomram                                      comram       000000
__Hconfig                                      config       30000E
__Hconst                                       const        000000
__HcstackBANK0                                 cstackBANK0  000000
__HcstackCOMRAM                                cstackCOMRAM 000000
__Hdata                                        data         000000
__Heeprom_data                                 eeprom_data  000000
__Hfarbss                                      farbss       000000
__Hfardata                                     fardata      000000
__Hibigdata                                    ibigdata     000000
__Hidata                                       idata        000000
__Hidloc                                       idloc        200008
__Hifardata                                    ifardata     000000
__Hinit                                        init         0000B4
__Hintcode                                     intcode      0000B0
__Hintcode_body                                intcode_body 000000
__Hintcodelo                                   intcodelo    0000B0
__Hintentry                                    intentry     000000
__Hintret                                      intret       000000
__Hintsave_regs                                intsave_regs 000000
__Hirdata                                      irdata       000000
__Hmediumconst                                 mediumconst  000000
__HnvBANK0                                     nvBANK0      000000
__HnvFARRAM                                    nvFARRAM     000000
__Hnvbit                                       nvbit        000000
__Hnvrram                                      nvrram       000000
__Hparam                                       rparam       000000
__Hpowerup                                     powerup      0000B0
__Hram                                         ram          000000
__Hramtop                                      ramtop       001000
__Hrbit                                        rbit         000000
__Hrbss                                        rbss         000000
__Hrdata                                       rdata        000000
__Hreset_vec                                   reset_vec    000004
__Hrparam                                      rparam       000000
__Hsfr                                         sfr          000000
__Hsmallconst                                  smallconst   00103E
__Hspace_0                                     (abs)        00267E
__Hspace_1                                     (abs)        0000EE
__Hspace_2                                     (abs)        000000
__Hspace_4                                     (abs)        60000E
__Hstack                                       stack        000000
__Hstruct                                      struct       000000
__Htemp                                        temp         00005C
__Htext                                        text         000000
__Htext0                                       text0        000000
__Htext1                                       text1        000000
__Htext10                                      text10       000000
__Htext11                                      text11       000000
__Htext12                                      text12       000000
__Htext13                                      text13       000000
__Htext14                                      text14       000000
__Htext15                                      text15       000000
__Htext16                                      text16       000000
__Htext17                                      text17       000000
__Htext18                                      text18       000000
__Htext19                                      text19       000000
__Htext2                                       text2        000000
__Htext20                                      text20       000000
__Htext21                                      text21       000000
__Htext22                                      text22       000000
__Htext23                                      text23       000000
__Htext24                                      text24       000000
__Htext25                                      text25       000000
__Htext26                                      text26       000000
__Htext27                                      text27       000000
__Htext28                                      text28       000000
__Htext29                                      text29       000000
__Htext3                                       text3        000000
__Htext30                                      text30       000000
__Htext31                                      text31       000000
__Htext32                                      text32       000000
__Htext33                                      text33       000000
__Htext34                                      text34       000000
__Htext35                                      text35       000000
__Htext36                                      text36       000000
__Htext37                                      text37       000000
__Htext38                                      text38       000000
__Htext39                                      text39       000000
__Htext4                                       text4        000000
__Htext40                                      text40       000000
__Htext41                                      text41       000000
__Htext42                                      text42       000000
__Htext43                                      text43       000000
__Htext44                                      text44       000000
__Htext45                                      text45       000000
__Htext46                                      text46       000000
__Htext47                                      text47       000000
__Htext48                                      text48       000000
__Htext49                                      text49       000000
__Htext5                                       text5        000000
__Htext50                                      text50       000000
__Htext51                                      text51       000000
__Htext52                                      text52       000000
__Htext53                                      text53       000000
__Htext54                                      text54       000000
__Htext55                                      text55       000000
__Htext56                                      text56       000000
__Htext57                                      text57       000000
__Htext58                                      text58       000000
__Htext59                                      text59       000000
__Htext6                                       text6        000000
__Htext60                                      text60       000000
__Htext61                                      text61       000000
__Htext62                                      text62       000000
__Htext63                                      text63       000000
__Htext64                                      text64       000000
__Htext65                                      text65       000000
__Htext66                                      text66       000000
__Htext67                                      text67       000000
__Htext68                                      text68       000000
__Htext69                                      text69       000000
__Htext7                                       text7        000000
__Htext70                                      text70       000000
__Htext71                                      text71       000000
__Htext72                                      text72       000000
__Htext73                                      text73       000000
__Htext74                                      text74       000000
__Htext76                                      text76       000000
__Htext77                                      text77       000000
__Htext78                                      text78       000000
__Htext79                                      text79       000000
__Htext8                                       text8        000000
__Htext80                                      text80       000000
__Htext81                                      text81       000000
__Htext82                                      text82       000000
__Htext9                                       text9        000000
__LRAM                                         (abs)        000001
__Labs1                                        abs1         000000
__Lbank0                                       bank0        000000
__Lbank1                                       bank1        000000
__Lbank10                                      bank10       000000
__Lbank11                                      bank11       000000
__Lbank12                                      bank12       000000
__Lbank13                                      bank13       000000
__Lbank14                                      bank14       000000
__Lbank15                                      bank15       000000
__Lbank2                                       bank2        000000
__Lbank3                                       bank3        000000
__Lbank4                                       bank4        000000
__Lbank5                                       bank5        000000
__Lbank6                                       bank6        000000
__Lbank7                                       bank7        000000
__Lbank8                                       bank8        000000
__Lbank9                                       bank9        000000
__Lbigbss                                      bigbss       000000
__Lbigdata                                     bigdata      000000
__Lbigram                                      bigram       000000
__Lbss                                         bss          000000
__LbssBANK0                                    bssBANK0     000000
__LbssCOMRAM                                   bssCOMRAM    000000
__Lcinit                                       cinit        000000
__Lclrtext                                     clrtext      000000
__Lcomram                                      comram       000000
__Lconfig                                      config       000000
__Lconst                                       const        000000
__LcstackBANK0                                 cstackBANK0  000000
__LcstackCOMRAM                                cstackCOMRAM 000000
__Ldata                                        data         000000
__Leeprom_data                                 eeprom_data  000000
__Lfarbss                                      farbss       000000
__Lfardata                                     fardata      000000
__Libigdata                                    ibigdata     000000
__Lidata                                       idata        000000
__Lidloc                                       idloc        000000
__Lifardata                                    ifardata     000000
__Linit                                        init         0000B0
__Lintcode                                     intcode      000008
__Lintcode_body                                intcode_body 000000
__Lintcodelo                                   intcodelo    0000B0
__Lintentry                                    intentry     000000
__Lintret                                      intret       000000
__Lintsave_regs                                intsave_regs 000000
__Lirdata                                      irdata       000000
__Lmediumconst                                 mediumconst  000000
__LnvBANK0                                     nvBANK0      000000
__LnvFARRAM                                    nvFARRAM     000000
__Lnvbit                                       nvbit        000000
__Lnvrram                                      nvrram       000000
__Lparam                                       rparam       000000
__Lpowerup                                     powerup      0000B0
__Lram                                         ram          000000
__Lramtop                                      ramtop       001000
__Lrbit                                        rbit         000000
__Lrbss                                        rbss         000000
__Lrdata                                       rdata        000000
__Lreset_vec                                   reset_vec    000000
__Lrparam                                      rparam       000000
__Lsfr                                         sfr          000000
__Lsmallconst                                  smallconst   001000
__Lspace_0                                     (abs)        000000
__Lspace_1                                     (abs)        000000
__Lspace_2                                     (abs)        000000
__Lspace_4                                     (abs)        000000
__Lstack                                       stack        000000
__Lstruct                                      struct       000000
__Ltemp                                        temp         00005B
__Ltext                                        text         000000
__Ltext0                                       text0        000000
__Ltext1                                       text1        000000
__Ltext10                                      text10       000000
__Ltext11                                      text11       000000
__Ltext12                                      text12       000000
__Ltext13                                      text13       000000
__Ltext14                                      text14       000000
__Ltext15                                      text15       000000
__Ltext16                                      text16       000000
__Ltext17                                      text17       000000
__Ltext18                                      text18       000000
__Ltext19                                      text19       000000
__Ltext2                                       text2        000000
__Ltext20                                      text20       000000
__Ltext21                                      text21       000000
__Ltext22                                      text22       000000
__Ltext23                                      text23       000000
__Ltext24                                      text24       000000
__Ltext25                                      text25       000000
__Ltext26                                      text26       000000
__Ltext27                                      text27       000000
__Ltext28                                      text28       000000
__Ltext29                                      text29       000000
__Ltext3                                       text3        000000
__Ltext30                                      text30       000000
__Ltext31                                      text31       000000
__Ltext32                                      text32       000000
__Ltext33                                      text33       000000
__Ltext34                                      text34       000000
__Ltext35                                      text35       000000
__Ltext36                                      text36       000000
__Ltext37                                      text37       000000
__Ltext38                                      text38       000000
__Ltext39                                      text39       000000
__Ltext4                                       text4        000000
__Ltext40                                      text40       000000
__Ltext41                                      text41       000000
__Ltext42                                      text42       000000
__Ltext43                                      text43       000000
__Ltext44                                      text44       000000
__Ltext45                                      text45       000000
__Ltext46                                      text46       000000
__Ltext47                                      text47       000000
__Ltext48                                      text48       000000
__Ltext49                                      text49       000000
__Ltext5                                       text5        000000
__Ltext50                                      text50       000000
__Ltext51                                      text51       000000
__Ltext52                                      text52       000000
__Ltext53                                      text53       000000
__Ltext54                                      text54       000000
__Ltext55                                      text55       000000
__Ltext56                                      text56       000000
__Ltext57                                      text57       000000
__Ltext58                                      text58       000000
__Ltext59                                      text59       000000
__Ltext6                                       text6        000000
__Ltext60                                      text60       000000
__Ltext61                                      text61       000000
__Ltext62                                      text62       000000
__Ltext63                                      text63       000000
__Ltext64                                      text64       000000
__Ltext65                                      text65       000000
__Ltext66                                      text66       000000
__Ltext67                                      text67       000000
__Ltext68                                      text68       000000
__Ltext69                                      text69       000000
__Ltext7                                       text7        000000
__Ltext70                                      text70       000000
__Ltext71                                      text71       000000
__Ltext72                                      text72       000000
__Ltext73                                      text73       000000
__Ltext74                                      text74       000000
__Ltext76                                      text76       000000
__Ltext77                                      text77       000000
__Ltext78                                      text78       000000
__Ltext79                                      text79       000000
__Ltext8                                       text8        000000
__Ltext80                                      text80       000000
__Ltext81                                      text81       000000
__Ltext82                                      text82       000000
__Ltext9                                       text9        000000
__S0                                           (abs)        00267E
__S1                                           (abs)        0000EE
__S2                                           (abs)        000000
__S4                                           (abs)        000000
__S5                                           (abs)        000000
___aodiv                                       text13       001694
___aodiv@counter                               cstackCOMRAM 000015
___aodiv@dividend                              cstackCOMRAM 000005
___aodiv@divisor                               cstackCOMRAM 00000D
___aodiv@quotient                              cstackCOMRAM 000017
___aodiv@sign                                  cstackCOMRAM 000016
___aomod                                       text12       00181C
___aomod@counter                               cstackCOMRAM 000015
___aomod@dividend                              cstackCOMRAM 000005
___aomod@divisor                               cstackCOMRAM 00000D
___aomod@sign                                  cstackCOMRAM 000016
___inthi_sp                                    stack        000000
___intlo_sp                                    stack        000000
___param_bank                                  (abs)        000000
___rparam_used                                 (abs)        000001
___sp                                          stack        000000
__accesstop                                    (abs)        000060
__activetblptr                                 (abs)        000003
__end_of_EUSART_DefaultErrorHandler            text80       00264C
__end_of_EUSART_DefaultFramingErrorHandler     text79       00267E
__end_of_EUSART_DefaultOverrunErrorHandler     text78       002646
__end_of_EUSART_Initialize                     text19       001F82
__end_of_EUSART_Receive_ISR                    text77       001BC6
__end_of_EUSART_RxDataHandler                  text81       002438
__end_of_EUSART_SetErrorHandler                text24       0025EC
__end_of_EUSART_SetFramingErrorHandler         text23       0025E2
__end_of_EUSART_SetOverrunErrorHandler         text22       0025D8
__end_of_EUSART_SetRxInterruptHandler          text21       0025CE
__end_of_EUSART_SetTxInterruptHandler          text20       0025C4
__end_of_EUSART_Transmit_ISR                   text76       00224C
__end_of_EUSART_Write                          text10       002182
__end_of_I2C_CallbackReturnReset               text58       002660
__end_of_I2C_CallbackReturnStop                text59       002664
__end_of_I2C_Close                             text71       00240E
__end_of_I2C_DO_ADDRESS_NACK                   text35       0020C6
__end_of_I2C_DO_IDLE                           text49       0025A6
__end_of_I2C_DO_RCEN                           text44       00259A
__end_of_I2C_DO_RESET                          text36       00258E
__end_of_I2C_DO_RX                             text45       001C6C
__end_of_I2C_DO_RX_ACK                         text39       00260C
__end_of_I2C_DO_RX_NACK_RESTART                text37       0025FC
__end_of_I2C_DO_RX_NACK_STOP                   text38       002604
__end_of_I2C_DO_SEND_ADR_READ                  text48       002582
__end_of_I2C_DO_SEND_ADR_WRITE                 text47       002572
__end_of_I2C_DO_SEND_RESTART                   text41       00261C
__end_of_I2C_DO_SEND_RESTART_READ              text43       00262C
__end_of_I2C_DO_SEND_RESTART_WRITE             text42       002624
__end_of_I2C_DO_SEND_STOP                      text40       002614
__end_of_I2C_DO_TX                             text46       001B0A
__end_of_I2C_DO_TX_EMPTY                       text50       001E92
__end_of_I2C_Initialize                        text18       00253E
__end_of_I2C_MasterClearIrq                    text74       00267C
__end_of_I2C_MasterClose                       text73       002678
__end_of_I2C_MasterDisableIrq                  text72       002674
__end_of_I2C_MasterEnableRestart               text69       00266C
__end_of_I2C_MasterFsm                         text34       001FF2
__end_of_I2C_MasterGetRxData                   text55       002658
__end_of_I2C_MasterIsNack                      text52       002552
__end_of_I2C_MasterOpen                        text29       0024A6
__end_of_I2C_MasterOperation                   text31       00220A
__end_of_I2C_MasterSendAck                     text54       00263A
__end_of_I2C_MasterSendNack                    text56       002640
__end_of_I2C_MasterSendTxData                  text53       002634
__end_of_I2C_MasterSetIrq                      text51       002654
__end_of_I2C_MasterStart                       text70       002670
__end_of_I2C_MasterStartRx                     text57       00265C
__end_of_I2C_MasterStop                        text68       002668
__end_of_I2C_MasterWaitForEvent                text33       002562
__end_of_I2C_MasterWrite                       text30       0025F4
__end_of_I2C_Open                              text28       001D90
__end_of_I2C_Poller                            text32       0024E4
__end_of_I2C_Read2ByteRegister                 text26       001E16
__end_of_I2C_SetAddressNackCallback            text27       0024FC
__end_of_I2C_SetBuffer                         text67       002484
__end_of_I2C_SetCallback                       text66       001F0C
__end_of_I2C_SetDataCompleteCallback           text65       002514
__end_of_I2C_Write1ByteRegister                text25       002060
__end_of_INTERRUPT_Initialize                  text17       002650
__end_of_INTERRUPT_InterruptManager            intcode      0000B0
__end_of_OSCILLATOR_Initialize                 text16       0025BA
__end_of_PIN_MANAGER_Initialize                text15       002332
__end_of_SYSTEM_Initialize                     text14       00252A
__end_of___aodiv                               text13       00181C
__end_of___aomod                               text12       001980
__end_of__initialization                       cinit        0024BC
__end_of_abs                                   text11       00228C
__end_of_dtoa                                  text4        001320
__end_of_fputc                                 text8        001D02
__end_of_fputs                                 text7        0021C6
__end_of_fsmStateTable                         smallconst   001021
__end_of_main                                  text0        001694
__end_of_pad                                   text5        001A46
__end_of_printf                                text1        002460
__end_of_putch                                 text9        0025B0
__end_of_rd1RegCompleteHandler                 text63       0023B6
__end_of_rd2RegCompleteHandler                 text62       00238A
__end_of_rdBlkRegCompleteHandler               text60       0022CC
__end_of_strlen                                text6        002302
__end_of_vfpfcnvrt                             text3        0014DE
__end_of_vfprintf                              text2        00212A
__end_of_wr1RegCompleteHandler                 text61       00235E
__end_of_wr2RegCompleteHandler                 text64       0023E2
__initialization                               cinit        0024A6
__mediumconst                                  mediumconst  000000
__pbssBANK0                                    bssBANK0     000060
__pbssCOMRAM                                   bssCOMRAM    000056
__pcinit                                       cinit        0024A6
__pcstackBANK0                                 cstackBANK0  0000C5
__pcstackCOMRAM                                cstackCOMRAM 000001
__pintcode                                     intcode      000008
__pnvBANK0                                     nvBANK0      0000E3
__psmallconst                                  smallconst   001000
__ptext0                                       text0        0014DE
__ptext1                                       text1        002438
__ptext10                                      text10       00212A
__ptext11                                      text11       00224C
__ptext12                                      text12       00181C
__ptext13                                      text13       001694
__ptext14                                      text14       002514
__ptext15                                      text15       002302
__ptext16                                      text16       0025B0
__ptext17                                      text17       00264C
__ptext18                                      text18       00252A
__ptext19                                      text19       001F0C
__ptext2                                       text2        0020C6
__ptext20                                      text20       0025BA
__ptext21                                      text21       0025C4
__ptext22                                      text22       0025CE
__ptext23                                      text23       0025D8
__ptext24                                      text24       0025E2
__ptext25                                      text25       001FF2
__ptext26                                      text26       001D90
__ptext27                                      text27       0024E4
__ptext28                                      text28       001D02
__ptext29                                      text29       002484
__ptext3                                       text3        001320
__ptext30                                      text30       0025EC
__ptext31                                      text31       0021C6
__ptext32                                      text32       0024C6
__ptext33                                      text33       002552
__ptext34                                      text34       001F82
__ptext35                                      text35       002060
__ptext36                                      text36       002582
__ptext37                                      text37       0025F4
__ptext38                                      text38       0025FC
__ptext39                                      text39       002604
__ptext4                                       text4        00103E
__ptext40                                      text40       00260C
__ptext41                                      text41       002614
__ptext42                                      text42       00261C
__ptext43                                      text43       002624
__ptext44                                      text44       00258E
__ptext45                                      text45       001BC6
__ptext46                                      text46       001A46
__ptext47                                      text47       002562
__ptext48                                      text48       002572
__ptext49                                      text49       00259A
__ptext5                                       text5        001980
__ptext50                                      text50       001E16
__ptext51                                      text51       002650
__ptext52                                      text52       00253E
__ptext53                                      text53       00262C
__ptext54                                      text54       002634
__ptext55                                      text55       002654
__ptext56                                      text56       00263A
__ptext57                                      text57       002658
__ptext58                                      text58       00265C
__ptext59                                      text59       002660
__ptext6                                       text6        0022CC
__ptext60                                      text60       00228C
__ptext61                                      text61       002332
__ptext62                                      text62       00235E
__ptext63                                      text63       00238A
__ptext64                                      text64       0023B6
__ptext65                                      text65       0024FC
__ptext66                                      text66       001E92
__ptext67                                      text67       002460
__ptext68                                      text68       002664
__ptext69                                      text69       002668
__ptext7                                       text7        002182
__ptext70                                      text70       00266C
__ptext71                                      text71       0023E2
__ptext72                                      text72       002670
__ptext73                                      text73       002674
__ptext74                                      text74       002678
__ptext76                                      text76       00220A
__ptext77                                      text77       001B0A
__ptext78                                      text78       002640
__ptext79                                      text79       00267C
__ptext8                                       text8        001C6C
__ptext80                                      text80       002646
__ptext81                                      text81       00240E
__ptext82                                      text82       000000
__ptext9                                       text9        0025A6
__ramtop                                       ramtop       001000
__size_of_EUSART_DefaultErrorHandler           (abs)        000000
__size_of_EUSART_DefaultFramingErrorHandler    (abs)        000000
__size_of_EUSART_DefaultOverrunErrorHandler    (abs)        000000
__size_of_EUSART_Initialize                    (abs)        000000
__size_of_EUSART_Receive_ISR                   (abs)        000000
__size_of_EUSART_RxDataHandler                 (abs)        000000
__size_of_EUSART_SetErrorHandler               (abs)        000000
__size_of_EUSART_SetFramingErrorHandler        (abs)        000000
__size_of_EUSART_SetOverrunErrorHandler        (abs)        000000
__size_of_EUSART_SetRxInterruptHandler         (abs)        000000
__size_of_EUSART_SetTxInterruptHandler         (abs)        000000
__size_of_EUSART_Transmit_ISR                  (abs)        000000
__size_of_EUSART_Write                         (abs)        000000
__size_of_I2C_CallbackReturnReset              (abs)        000000
__size_of_I2C_CallbackReturnStop               (abs)        000000
__size_of_I2C_Close                            (abs)        000000
__size_of_I2C_DO_ADDRESS_NACK                  (abs)        000000
__size_of_I2C_DO_IDLE                          (abs)        000000
__size_of_I2C_DO_RCEN                          (abs)        000000
__size_of_I2C_DO_RESET                         (abs)        000000
__size_of_I2C_DO_RX                            (abs)        000000
__size_of_I2C_DO_RX_ACK                        (abs)        000000
__size_of_I2C_DO_RX_NACK_RESTART               (abs)        000000
__size_of_I2C_DO_RX_NACK_STOP                  (abs)        000000
__size_of_I2C_DO_SEND_ADR_READ                 (abs)        000000
__size_of_I2C_DO_SEND_ADR_WRITE                (abs)        000000
__size_of_I2C_DO_SEND_RESTART                  (abs)        000000
__size_of_I2C_DO_SEND_RESTART_READ             (abs)        000000
__size_of_I2C_DO_SEND_RESTART_WRITE            (abs)        000000
__size_of_I2C_DO_SEND_STOP                     (abs)        000000
__size_of_I2C_DO_TX                            (abs)        000000
__size_of_I2C_DO_TX_EMPTY                      (abs)        000000
__size_of_I2C_Initialize                       (abs)        000000
__size_of_I2C_MasterClearIrq                   (abs)        000000
__size_of_I2C_MasterClose                      (abs)        000000
__size_of_I2C_MasterDisableIrq                 (abs)        000000
__size_of_I2C_MasterEnableRestart              (abs)        000000
__size_of_I2C_MasterFsm                        (abs)        000000
__size_of_I2C_MasterGetRxData                  (abs)        000000
__size_of_I2C_MasterIsNack                     (abs)        000000
__size_of_I2C_MasterOpen                       (abs)        000000
__size_of_I2C_MasterOperation                  (abs)        000000
__size_of_I2C_MasterSendAck                    (abs)        000000
__size_of_I2C_MasterSendNack                   (abs)        000000
__size_of_I2C_MasterSendTxData                 (abs)        000000
__size_of_I2C_MasterSetIrq                     (abs)        000000
__size_of_I2C_MasterStart                      (abs)        000000
__size_of_I2C_MasterStartRx                    (abs)        000000
__size_of_I2C_MasterStop                       (abs)        000000
__size_of_I2C_MasterWaitForEvent               (abs)        000000
__size_of_I2C_MasterWrite                      (abs)        000000
__size_of_I2C_Open                             (abs)        000000
__size_of_I2C_Poller                           (abs)        000000
__size_of_I2C_Read2ByteRegister                (abs)        000000
__size_of_I2C_SetAddressNackCallback           (abs)        000000
__size_of_I2C_SetBuffer                        (abs)        000000
__size_of_I2C_SetCallback                      (abs)        000000
__size_of_I2C_SetDataCompleteCallback          (abs)        000000
__size_of_I2C_Write1ByteRegister               (abs)        000000
__size_of_INTERRUPT_Initialize                 (abs)        000000
__size_of_INTERRUPT_InterruptManager           (abs)        000000
__size_of_OSCILLATOR_Initialize                (abs)        000000
__size_of_PIN_MANAGER_Initialize               (abs)        000000
__size_of_SYSTEM_Initialize                    (abs)        000000
__size_of___aodiv                              (abs)        000000
__size_of___aomod                              (abs)        000000
__size_of_abs                                  (abs)        000000
__size_of_dtoa                                 (abs)        000000
__size_of_fputc                                (abs)        000000
__size_of_fputs                                (abs)        000000
__size_of_main                                 (abs)        000000
__size_of_pad                                  (abs)        000000
__size_of_printf                               (abs)        000000
__size_of_putch                                (abs)        000000
__size_of_rd1RegCompleteHandler                (abs)        000000
__size_of_rd2RegCompleteHandler                (abs)        000000
__size_of_rdBlkRegCompleteHandler              (abs)        000000
__size_of_strlen                               (abs)        000000
__size_of_vfpfcnvrt                            (abs)        000000
__size_of_vfprintf                             (abs)        000000
__size_of_wr1RegCompleteHandler                (abs)        000000
__size_of_wr2RegCompleteHandler                (abs)        000000
__smallconst                                   smallconst   001000
_abs                                           text11       00224C
_dbuf                                          bssBANK0     0000A5
_dtoa                                          text4        00103E
_dtoa$2033                                     cstackCOMRAM 000034
_eusartRxBuffer                                bssBANK0     00008C
_eusartRxCount                                 bssCOMRAM    000056
_eusartRxHead                                  bssCOMRAM    000058
_eusartRxLastError                             bssBANK0     0000A4
_eusartRxStatusBuffer                          bssBANK0     000084
_eusartRxTail                                  bssCOMRAM    000057
_eusartTxBuffer                                bssBANK0     000094
_eusartTxBufferRemaining                       nvBANK0      0000ED
_eusartTxHead                                  bssCOMRAM    00005A
_eusartTxTail                                  bssCOMRAM    000059
_flags                                         bssBANK0     0000A2
_fputc                                         text8        001C6C
_fputs                                         text7        002182
_fsmStateTable                                 smallconst   001001
_main                                          text0        0014DE
_nout                                          bssBANK0     00009C
_pad                                           text5        001980
_prec                                          bssBANK0     0000A0
_printf                                        text1        002438
_putch                                         text9        0025A6
_rd1RegCompleteHandler                         text63       00238A
_rd2RegCompleteHandler                         text62       00235E
_rdBlkRegCompleteHandler                       text60       00228C
_strlen                                        text6        0022CC
_vfpfcnvrt                                     text3        001320
_vfprintf                                      text2        0020C6
_width                                         bssBANK0     00009E
_wr1RegCompleteHandler                         text61       002332
_wr2RegCompleteHandler                         text64       0023B6
abs@a                                          cstackCOMRAM 000017
btemp                                          temp         00005B
dtoa@d                                         cstackCOMRAM 000024
dtoa@fp                                        cstackCOMRAM 000022
dtoa@i                                         cstackCOMRAM 000044
dtoa@n                                         cstackCOMRAM 00003C
dtoa@p                                         cstackCOMRAM 000036
dtoa@s                                         cstackCOMRAM 00003A
dtoa@w                                         cstackCOMRAM 000038
end_of_initialization                          cinit        0024BC
fputc@c                                        cstackCOMRAM 000007
fputc@fp                                       cstackCOMRAM 000009
fputs@c                                        cstackCOMRAM 000014
fputs@fp                                       cstackCOMRAM 000012
fputs@i                                        cstackCOMRAM 000015
fputs@s                                        cstackCOMRAM 000010
int$flags                                      temp         00005B
intlevel0                                      text         000000
intlevel1                                      text         000000
intlevel2                                      text         000000
intlevel3                                      text         000000
main@X_Data                                    cstackBANK0  0000D7
main@Y_Data                                    cstackBANK0  0000D9
main@Z_Data                                    cstackBANK0  0000DB
main@gX_Data                                   cstackBANK0  0000DD
main@gY_Data                                   cstackBANK0  0000DF
main@gZ_Data                                   cstackBANK0  0000E1
pad@buf                                        cstackCOMRAM 000019
pad@fp                                         cstackCOMRAM 000017
pad@i                                          cstackCOMRAM 00001E
pad@p                                          cstackCOMRAM 00001B
pad@w                                          cstackCOMRAM 000020
printf@ap                                      cstackBANK0  0000D3
printf@fmt                                     cstackBANK0  0000CD
putch@txData                                   cstackCOMRAM 000006
rd1RegCompleteHandler@ptr                      cstackCOMRAM 00000E
rd2RegCompleteHandler@ptr                      cstackCOMRAM 00000E
rdBlkRegCompleteHandler@ptr                    cstackCOMRAM 00000E
stackhi                                        (abs)        000F5F
stacklo                                        (abs)        0000EE
start                                          init         0000B0
start_initialization                           cinit        0024A6
strlen@a                                       cstackCOMRAM 000007
strlen@s                                       cstackCOMRAM 000005
ttemp5                                         temp         00005C
ttemp6                                         temp         00005F
ttemp7                                         temp         000063
vfpfcnvrt@ap                                   cstackCOMRAM 00004A
vfpfcnvrt@fmt                                  cstackCOMRAM 000048
vfpfcnvrt@fp                                   cstackCOMRAM 000046
vfpfcnvrt@ll                                   cstackCOMRAM 00004E
vfprintf@ap                                    cstackBANK0  0000C9
vfprintf@cfmt                                  cstackBANK0  0000CB
vfprintf@fmt                                   cstackBANK0  0000C7
vfprintf@fp                                    cstackBANK0  0000C5
wr1RegCompleteHandler@ptr                      cstackCOMRAM 00000E
wr2RegCompleteHandler@ptr                      cstackCOMRAM 00000E
wtemp8                                         temp         00005C


FUNCTION INFORMATION:

 *************** function _main *****************
 Defined at:
		line 50 in file "main.c"
 Parameters:    Size  Location     Type
		None
 Auto vars:     Size  Location     Type
  gZ_Data         2   28[BANK0 ] unsigned short 
  gY_Data         2   26[BANK0 ] unsigned short 
  gX_Data         2   24[BANK0 ] unsigned short 
  Z_Data          2   22[BANK0 ] unsigned short 
  Y_Data          2   20[BANK0 ] unsigned short 
  X_Data          2   18[BANK0 ] unsigned short 
 Return value:  Size  Location     Type
                  1    wreg      void 
 Registers used:
		wreg, fsr1l, fsr1h, fsr2l, fsr2h, status,2, status,0, pclath, tosl, tblptrl, tblptrh, tblptru, prodl, prodh, cstack
 Tracked objects:
		On entry : 
		On exit  : 
		Unchanged: 
 Data sizes:     COMRAM   BANK0   BANK1   BANK2   BANK3   BANK4   BANK5   BANK6   BANK7   BANK8   BANK9  BANK10  BANK11  BANK12  BANK13  BANK14  BANK15
      Params:         0       0       0       0       0       0       0       0       0       0       0       0       0       0       0       0       0
      Locals:         0      12       0       0       0       0       0       0       0       0       0       0       0       0       0       0       0
[...]
 Hardware stack levels used:    1
 Hardware stack levels required when called:    4
 This function calls:
		Nothing
 This function is called by:
		_I2C_Close
		_I2C_SetTimeOut
 This function uses a non-reentrant model


 *************** function _I2C_MasterClose *****************
 Defined at:
		line 557 in file "mcc_generated_files/i2c_master.c"
 Parameters:    Size  Location     Type
		None
 Auto vars:     Size  Location     Type
		None
 Return value:  Size  Location     Type
                  1    wreg      void 
 Registers used:
		None
 Tracked objects:
		On entry : 
		On exit  : 
		Unchanged: 
 Data sizes:     COMRAM   BANK0   BANK1   BANK2   BANK3   BANK4   BANK5   BANK6   BANK7   BANK8   BANK9  BANK10  BANK11  BANK12  BANK13  BANK14  BANK15
      Params:         0       0       0       0       0       0       0       0       0       0       0       0       0       0       0       0       0
      Locals:         0       0       0       0       0       0       0       0       0       0       0       0       0       0       0       0       0
      Temps:          0       0       0       0       0       0       0       0       0       0       0       0       0       0       0       0       0
      Totals:         0       0       0       0       0       0       0       0       0       0       0       0       0       0       0       0       0
Total ram usage:        0 bytes
 Hardware stack levels used:    1
 Hardware stack levels required when called:    4
 This function calls:
		Nothing
 This function is called by:
		_I2C_Close
 This function uses a non-reentrant model


 *************** function _I2C_MasterClearIrq *****************
 Defined at:
		line 640 in file "mcc_generated_files/i2c_master.c"
 Parameters:    Size  Location     Type
		None
 Auto vars:     Size  Location     Type
		None
 Return value:  Size  Location     Type
                  1    wreg      void 
 Registers used:
		None
 Tracked objects:
		On entry : 
		On exit  : 
		Unchanged: 
 Data sizes:     COMRAM   BANK0   BANK1   BANK2   BANK3   BANK4   BANK5   BANK6   BANK7   BANK8   BANK9  BANK10  BANK11  BANK12  BANK13  BANK14  BANK15
      Params:         0       0       0       0       0       0       0       0       0       0       0       0       0       0       0       0       0
      Locals:         0       0       0       0       0       0       0       0       0       0       0       0       0       0       0       0       0
      Temps:          0       0       0       0       0       0       0       0       0       0       0       0       0       0       0       0       0
      Totals:         0       0       0       0       0       0       0       0       0       0       0       0       0       0       0       0       0
Total ram usage:        0 bytes
 Hardware stack levels used:    1
 Hardware stack levels required when called:    4
 This function calls:
		Nothing
 This function is called by:
		_I2C_Open
		_I2C_Close
		_I2C_MasterFsm
 This function uses a non-reentrant model


 *************** function _INTERRUPT_InterruptManager *****************
 Defined at:
		line 58 in file "mcc_generated_files/interrupt_manager.c"
 Parameters:    Size  Location     Type
		None
 Auto vars:     Size  Location     Type
		None
 Return value:  Size  Location     Type
                  1    wreg      void 
 Registers used:
		wreg, fsr2l, fsr2h, status,2, status,0, pclath, tosl, cstack
 Tracked objects:
		On entry : 
		On exit  : 
		Unchanged: 
 Data sizes:     COMRAM   BANK0   BANK1   BANK2   BANK3   BANK4   BANK5   BANK6   BANK7   BANK8   BANK9  BANK10  BANK11  BANK12  BANK13  BANK14  BANK15
      Params:         0       0       0       0       0       0       0       0       0       0       0       0       0       0       0       0       0
      Locals:         0       0       0       0       0       0       0       0       0       0       0       0       0       0       0       0       0
      Temps:          4       0       0       0       0       0       0       0       0       0       0       0       0       0       0       0       0
      Totals:         4       0       0       0       0       0       0       0       0       0       0       0       0       0       0       0       0
Total ram usage:        4 bytes
 Hardware stack levels used:    1
 Hardware stack levels required when called:    3
 This function calls:
		Absolute function
		_EUSART_Receive_ISR
		_EUSART_Transmit_ISR
 This function is called by:
		Interrupt level 2
 This function uses a non-reentrant model


 *************** function _EUSART_Transmit_ISR *****************
 Defined at:
		line 206 in file "mcc_generated_files/eusart.c"
 Parameters:    Size  Location     Type
		None
 Auto vars:     Size  Location     Type
		None
 Return value:  Size  Location     Type
                  1    wreg      void 
 Registers used:
		wreg, fsr2l, fsr2h, status,2, status,0
 Tracked objects:
		On entry : 
		On exit  : 
		Unchanged: 
 Data sizes:     COMRAM   BANK0   BANK1   BANK2   BANK3   BANK4   BANK5   BANK6   BANK7   BANK8   BANK9  BANK10  BANK11  BANK12  BANK13  BANK14  BANK15
      Params:         0       0       0       0       0       0       0       0       0       0       0       0       0       0       0       0       0
      Locals:         0       0       0       0       0       0       0       0       0       0       0       0       0       0       0       0       0
      Temps:          0       0       0       0       0       0       0       0       0       0       0       0       0       0       0       0       0
      Totals:         0       0       0       0       0       0       0       0       0       0       0       0       0       0       0       0       0
Total ram usage:        0 bytes
 Hardware stack levels used:    1
 This function calls:
		Nothing
 This function is called by:
		_EUSART_Initialize
		_INTERRUPT_InterruptManager
 This function uses a non-reentrant model


 *************** function _EUSART_Receive_ISR *****************
 Defined at:
		line 225 in file "mcc_generated_files/eusart.c"
 Parameters:    Size  Location     Type
		None
 Auto vars:     Size  Location     Type
		None
 Return value:  Size  Location     Type
                  1    wreg      void 
 Registers used:
		wreg, fsr2l, fsr2h, status,2, status,0, pclath, tosl, cstack
 Tracked objects:
		On entry : 
		On exit  : 
		Unchanged: 
 Data sizes:     COMRAM   BANK0   BANK1   BANK2   BANK3   BANK4   BANK5   BANK6   BANK7   BANK8   BANK9  BANK10  BANK11  BANK12  BANK13  BANK14  BANK15
      Params:         0       0       0       0       0       0       0       0       0       0       0       0       0       0       0       0       0
      Locals:         0       0       0       0       0       0       0       0       0       0       0       0       0       0       0       0       0
      Temps:          0       0       0       0       0       0       0       0       0       0       0       0       0       0       0       0       0
      Totals:         0       0       0       0       0       0       0       0       0       0       0       0       0       0       0       0       0
Total ram usage:        0 bytes
 Hardware stack levels used:    1
 Hardware stack levels required when called:    2
 This function calls:
		Absolute function
		_EUSART_DefaultErrorHandler
		_EUSART_DefaultFramingErrorHandler
		_EUSART_DefaultOverrunErrorHandler
		_EUSART_RxDataHandler
 This function is called by:
		_EUSART_Initialize
		_INTERRUPT_InterruptManager
 This function uses a non-reentrant model


 *************** function _EUSART_DefaultOverrunErrorHandler *****************
 Defined at:
		line 261 in file "mcc_generated_files/eusart.c"
 Parameters:    Size  Location     Type
		None
 Auto vars:     Size  Location     Type
		None
 Return value:  Size  Location     Type
                  1    wreg      void 
 Registers used:
		None
 Tracked objects:
		On entry : 
		On exit  : 
		Unchanged: 
 Data sizes:     COMRAM   BANK0   BANK1   BANK2   BANK3   BANK4   BANK5   BANK6   BANK7   BANK8   BANK9  BANK10  BANK11  BANK12  BANK13  BANK14  BANK15
      Params:         0       0       0       0       0       0       0       0       0       0       0       0       0       0       0       0       0
      Locals:         0       0       0       0       0       0       0       0       0       0       0       0       0       0       0       0       0
      Temps:          0       0       0       0       0       0       0       0       0       0       0       0       0       0       0       0       0
      Totals:         0       0       0       0       0       0       0       0       0       0       0       0       0       0       0       0       0
Total ram usage:        0 bytes
 Hardware stack levels used:    1
 This function calls:
		Nothing
 This function is called by:
		_EUSART_Initialize
		_EUSART_Receive_ISR
 This function uses a non-reentrant model


 *************** function _EUSART_DefaultFramingErrorHandler *****************
 Defined at:
		line 259 in file "mcc_generated_files/eusart.c"
 Parameters:    Size  Location     Type
		None
 Auto vars:     Size  Location     Type
		None
 Return value:  Size  Location     Type
                  1    wreg      void 
 Registers used:
		None
 Tracked objects:
		On entry : 
		On exit  : 
		Unchanged: 
 Data sizes:     COMRAM   BANK0   BANK1   BANK2   BANK3   BANK4   BANK5   BANK6   BANK7   BANK8   BANK9  BANK10  BANK11  BANK12  BANK13  BANK14  BANK15
      Params:         0       0       0       0       0       0       0       0       0       0       0       0       0       0       0       0       0
      Locals:         0       0       0       0       0       0       0       0       0       0       0       0       0       0       0       0       0
      Temps:          0       0       0       0       0       0       0       0       0       0       0       0       0       0       0       0       0
      Totals:         0       0       0       0       0       0       0       0       0       0       0       0       0       0       0       0       0
Total ram usage:        0 bytes
 Hardware stack levels used:    1
 This function calls:
		Nothing
 This function is called by:
		_EUSART_Initialize
		_EUSART_Receive_ISR
 This function uses a non-reentrant model


 *************** function _EUSART_DefaultErrorHandler *****************
 Defined at:
		line 269 in file "mcc_generated_files/eusart.c"
 Parameters:    Size  Location     Type
		None
 Auto vars:     Size  Location     Type
		None
 Return value:  Size  Location     Type
                  1    wreg      void 
 Registers used:
		wreg, fsr2l, fsr2h, status,2, status,0, cstack
 Tracked objects:
		On entry : 
		On exit  : 
		Unchanged: 
 Data sizes:     COMRAM   BANK0   BANK1   BANK2   BANK3   BANK4   BANK5   BANK6   BANK7   BANK8   BANK9  BANK10  BANK11  BANK12  BANK13  BANK14  BANK15
      Params:         0       0       0       0       0       0       0       0       0       0       0       0       0       0       0       0       0
      Locals:         0       0       0       0       0       0       0       0       0       0       0       0       0       0       0       0       0
      Temps:          0       0       0       0       0       0       0       0       0       0       0       0       0       0       0       0       0
      Totals:         0       0       0       0       0       0       0       0       0       0       0       0       0       0       0       0       0
Total ram usage:        0 bytes
 Hardware stack levels used:    1
 Hardware stack levels required when called:    1
 This function calls:
		_EUSART_RxDataHandler
 This function is called by:
		_EUSART_Initialize
		_EUSART_Receive_ISR
 This function uses a non-reentrant model


 *************** function _EUSART_RxDataHandler *****************
 Defined at:
		line 249 in file "mcc_generated_files/eusart.c"
 Parameters:    Size  Location     Type
		None
 Auto vars:     Size  Location     Type
		None
 Return value:  Size  Location     Type
                  1    wreg      void 
 Registers used:
		wreg, fsr2l, fsr2h, status,2, status,0
 Tracked objects:
		On entry : 
		On exit  : 
		Unchanged: 
 Data sizes:     COMRAM   BANK0   BANK1   BANK2   BANK3   BANK4   BANK5   BANK6   BANK7   BANK8   BANK9  BANK10  BANK11  BANK12  BANK13  BANK14  BANK15
      Params:         0       0       0       0       0       0       0       0       0       0       0       0       0       0       0       0       0
      Locals:         0       0       0       0       0       0       0       0       0       0       0       0       0       0       0       0       0
      Temps:          0       0       0       0       0       0       0       0       0       0       0       0       0       0       0       0       0
      Totals:         0       0       0       0       0       0       0       0       0       0       0       0       0       0       0       0       0
Total ram usage:        0 bytes
 Hardware stack levels used:    1
 This function calls:
		Nothing
 This function is called by:
		_EUSART_Receive_ISR
		_EUSART_DefaultErrorHandler
 This function uses a non-reentrant model



MODULE INFORMATION

Module		Function		Class		Link	Load	Size
C:\Program Files\Microchip\xc8\v2.20\pic\sources\c99\common\nf_fputc.c
		_fputc         		CODE           	1C6C	0000	151

C:\Program Files\Microchip\xc8\v2.20\pic\sources\c99\common\nf_fputc.c estimated size: 151

C:\Program Files\Microchip\xc8\v2.20\pic\sources\c99\common\doprnt.c
		_vfpfcnvrt     		CODE           	1320	0000	447
		_pad           		CODE           	1980	0000	199
		_dtoa          		CODE           	103E	0000	739
		_vfprintf      		CODE           	20C6	0000	101

C:\Program Files\Microchip\xc8\v2.20\pic\sources\c99\common\doprnt.c estimated size: 1486

mcc_generated_files/interrupt_manager.c
		_INTERRUPT_Initialize		CODE           	264C	0000	5
		_INTERRUPT_InterruptManager		CODE           	0008	0000	169

mcc_generated_files/interrupt_manager.c estimated size: 174

mcc_generated_files/examples/i2c_master_example.c
		_wr1RegCompleteHandler		CODE           	2332	0000	45
		_wr2RegCompleteHandler		CODE           	23B6	0000	45
		_I2C_Write1ByteRegister		CODE           	1FF2	0000	111
		_I2C_Read2ByteRegister		CODE           	1D90	0000	135
		_rdBlkRegCompleteHandler		CODE           	228C	0000	65
		_rd1RegCompleteHandler		CODE           	238A	0000	45
		_rd2RegCompleteHandler		CODE           	235E	0000	45

mcc_generated_files/examples/i2c_master_example.c estimated size: 491

mcc_generated_files/pin_manager.c
		_PIN_MANAGER_Initialize		CODE           	2302	0000	49

mcc_generated_files/pin_manager.c estimated size: 49

C:\Program Files\Microchip\xc8\v2.20\pic\sources\c99\common\aomod.c
		___aomod       		CODE           	181C	0000	357

C:\Program Files\Microchip\xc8\v2.20\pic\sources\c99\common\aomod.c estimated size: 357

C:\Program Files\Microchip\xc8\v2.20\pic\sources\c99\common\nf_fputs.c
		_fputs         		CODE           	2182	0000	69

C:\Program Files\Microchip\xc8\v2.20\pic\sources\c99\common\nf_fputs.c estimated size: 69

shared
		__initialization		CODE           	24A6	0000	23
		_fsmStateTable 		SMALLCONST     	1001	0000	33

shared estimated size: 56

mcc_generated_files/mcc.c
		_OSCILLATOR_Initialize		CODE           	25B0	0000	11
		_SYSTEM_Initialize		CODE           	2514	0000	23

mcc_generated_files/mcc.c estimated size: 34

C:\Program Files\Microchip\xc8\v2.20\pic\sources\c99\common\printf.c
		_printf        		CODE           	2438	0000	41

C:\Program Files\Microchip\xc8\v2.20\pic\sources\c99\common\printf.c estimated size: 41

C:\Program Files\Microchip\xc8\v2.20\pic\sources\c99\common\aodiv.c
		___aodiv       		CODE           	1694	0000	393

C:\Program Files\Microchip\xc8\v2.20\pic\sources\c99\common\aodiv.c estimated size: 393

C:\Program Files\Microchip\xc8\v2.20\pic\sources\c99\common\abs.c
		_abs           		CODE           	224C	0000	65

C:\Program Files\Microchip\xc8\v2.20\pic\sources\c99\common\abs.c estimated size: 65

C:\Program Files\Microchip\xc8\v2.20\pic\sources\c99\common\strlen.c
		_strlen        		CODE           	22CC	0000	55

C:\Program Files\Microchip\xc8\v2.20\pic\sources\c99\common\strlen.c estimated size: 55

mcc_generated_files/i2c_master.c
		_I2C_Close     		CODE           	23E2	0000	45
		_I2C_MasterStartRx		CODE           	2658	0000	5
		_I2C_DO_SEND_ADR_WRITE		CODE           	2562	0000	17
		_I2C_MasterWaitForEvent		CODE           	2552	0000	17
		_I2C_DO_SEND_STOP		CODE           	260C	0000	9
		_I2C_MasterSendNack		CODE           	263A	0000	7
		_I2C_MasterDisableIrq		CODE           	2670	0000	5
		_I2C_CallbackReturnStop		CODE           	2660	0000	5
		_I2C_MasterOperation		CODE           	21C6	0000	69
		_I2C_DO_SEND_ADR_READ		CODE           	2572	0000	17
		_I2C_DO_RX_NACK_STOP		CODE           	25FC	0000	9
		_I2C_DO_SEND_RESTART		CODE           	2614	0000	9
		_I2C_DO_RX     		CODE           	1BC6	0000	167
		_I2C_DO_TX     		CODE           	1A46	0000	197
		_I2C_DO_IDLE   		CODE           	259A	0000	13
		_I2C_DO_RCEN   		CODE           	258E	0000	13
		_I2C_Poller    		CODE           	24C6	0000	31
		_I2C_DO_RESET  		CODE           	2582	0000	13
		_I2C_MasterClose		CODE           	2674	0000	5
		_I2C_MasterWrite		CODE           	25EC	0000	9
		_I2C_DO_RX_ACK 		CODE           	2604	0000	9
		_I2C_MasterStart		CODE           	266C	0000	5
		_I2C_MasterClearIrq		CODE           	2678	0000	5
		_I2C_MasterGetRxData		CODE           	2654	0000	5
		_I2C_SetCallback		CODE           	1E92	0000	123
		_I2C_DO_ADDRESS_NACK		CODE           	2060	0000	103
		_I2C_MasterEnableRestart		CODE           	2668	0000	5
		_I2C_CallbackReturnReset		CODE           	265C	0000	5
		_I2C_Open      		CODE           	1D02	0000	143
		_I2C_SetAddressNackCallback		CODE           	24E4	0000	25
		_I2C_DO_TX_EMPTY		CODE           	1E16	0000	125
		_I2C_DO_SEND_RESTART_WRITE		CODE           	261C	0000	9
		_I2C_MasterIsNack		CODE           	253E	0000	21
		_I2C_SetDataCompleteCallback		CODE           	24FC	0000	25
		_I2C_DO_RX_NACK_RESTART		CODE           	25F4	0000	9
		_I2C_MasterSendAck		CODE           	2634	0000	7
		_I2C_MasterFsm 		CODE           	1F82	0000	113
		_I2C_MasterSetIrq		CODE           	2650	0000	5
		_I2C_DO_SEND_RESTART_READ		CODE           	2624	0000	9
		_I2C_Initialize		CODE           	252A	0000	21
		_I2C_SetBuffer 		CODE           	2460	0000	37
		_I2C_MasterOpen		CODE           	2484	0000	35
		_I2C_MasterSendTxData		CODE           	262C	0000	9
		_I2C_MasterStop		CODE           	2664	0000	5

mcc_generated_files/i2c_master.c estimated size: 1520

mcc_generated_files/eusart.c
		_EUSART_SetRxInterruptHandler		CODE           	25C4	0000	11
		_EUSART_SetTxInterruptHandler		CODE           	25BA	0000	11
		_putch         		CODE           	25A6	0000	11
		_EUSART_DefaultOverrunErrorHandler		CODE           	2640	0000	7
		_EUSART_Write  		CODE           	212A	0000	89
		_EUSART_DefaultErrorHandler		CODE           	2646	0000	7
		_EUSART_Transmit_ISR		CODE           	220A	0000	67
		_EUSART_Initialize		CODE           	1F0C	0000	119
		_EUSART_SetFramingErrorHandler		CODE           	25D8	0000	11
		_EUSART_SetErrorHandler		CODE           	25E2	0000	11
		_EUSART_SetOverrunErrorHandler		CODE           	25CE	0000	11
		_EUSART_Receive_ISR		CODE           	1B0A	0000	189
		_EUSART_RxDataHandler		CODE           	240E	0000	43
		_EUSART_DefaultFramingErrorHandler		CODE           	267C	0000	3

mcc_generated_files/eusart.c estimated size: 590

main.c
		_main          		CODE           	14DE	0000	439

main.c estimated size: 439

